../Core/Src/main.c:72:6:HAL_ADC_ConvHalfCpltCallback	16	static
../Core/Src/main.c:75:6:HAL_ADC_ConvCpltCallback	16	static
../Core/Src/main.c:85:5:main	8	static
../Core/Src/main.c:177:6:SystemClock_Config	64	static
../Core/Src/main.c:214:13:MX_ADC1_Init	24	static
../Core/Src/main.c:270:13:MX_TIM3_Init	64	static
../Core/Src/main.c:329:13:MX_USART2_UART_Init	8	static
../Core/Src/main.c:363:13:MX_DMA_Init	16	static
../Core/Src/main.c:384:13:MX_GPIO_Init	56	static
../Core/Src/main.c:436:6:Error_Handler	8	static,ignoring_inline_asm
