../Drivers/CMSIS/Include/core_cm0plus.h:741:22:__NVIC_EnableIRQ	16	static,ignoring_inline_asm
../Drivers/CMSIS/Include/core_cm0plus.h:850:22:__NVIC_SetPriority	24	static
../Drivers/STM32C0xx_HAL_Driver/Inc/stm32c0xx_ll_gpio.h:282:22:LL_GPIO_SetPinMode	24	static
../Drivers/STM32C0xx_HAL_Driver/Inc/stm32c0xx_ll_gpio.h:490:22:LL_GPIO_SetPinPull	24	static
../Drivers/STM32C0xx_HAL_Driver/Inc/stm32c0xx_ll_gpio.h:806:26:LL_GPIO_IsInputPinSet	16	static
../Drivers/STM32C0xx_HAL_Driver/Inc/stm32c0xx_ll_gpio.h:887:22:LL_GPIO_SetOutputPin	16	static
../Drivers/STM32C0xx_HAL_Driver/Inc/stm32c0xx_ll_gpio.h:916:22:LL_GPIO_ResetOutputPin	16	static
../Drivers/STM32C0xx_HAL_Driver/Inc/stm32c0xx_ll_gpio.h:945:22:LL_GPIO_TogglePin	24	static
../Drivers/STM32C0xx_HAL_Driver/Inc/stm32c0xx_ll_exti.h:1283:22:LL_EXTI_SetEXTISource	24	static
../Drivers/STM32C0xx_HAL_Driver/Inc/stm32c0xx_ll_bus.h:843:22:LL_IOP_GRP1_EnableClock	24	static
../Core/Src/main.c:72:6:Delay_uS	24	static
../Core/Src/main.c:79:6:setLcdDataPort	16	static
../Core/Src/main.c:88:5:lcdCheckBusy	16	static
../Core/Src/main.c:115:13:lcdSendNibble	16	static
../Core/Src/main.c:126:13:lcdSendByte	16	static
../Core/Src/main.c:142:6:lcdSendCmd	16	static
../Core/Src/main.c:148:6:lcdSendChar	16	static
../Core/Src/main.c:154:6:lcdInit	8	static
../Core/Src/main.c:189:6:lcdTextWrite	32	static
../Core/Src/main.c:215:5:main	48	static
../Core/Src/main.c:277:6:SystemClock_Config	64	static
../Core/Src/main.c:314:13:MX_GPIO_Init	48	static
../Core/Src/main.c:464:6:UserButtonIntCallBack	8	static
../Core/Src/main.c:475:6:Error_Handler	8	static,ignoring_inline_asm
