../Drivers/CMSIS/Include/core_cm0plus.h:741:22:__NVIC_EnableIRQ	2
../Drivers/CMSIS/Include/core_cm0plus.h:850:22:__NVIC_SetPriority	2
../Drivers/STM32C0xx_HAL_Driver/Inc/stm32c0xx_ll_gpio.h:282:22:LL_GPIO_SetPinMode	1
../Drivers/STM32C0xx_HAL_Driver/Inc/stm32c0xx_ll_gpio.h:490:22:LL_GPIO_SetPinPull	1
../Drivers/STM32C0xx_HAL_Driver/Inc/stm32c0xx_ll_gpio.h:806:26:LL_GPIO_IsInputPinSet	2
../Drivers/STM32C0xx_HAL_Driver/Inc/stm32c0xx_ll_gpio.h:887:22:LL_GPIO_SetOutputPin	1
../Drivers/STM32C0xx_HAL_Driver/Inc/stm32c0xx_ll_gpio.h:916:22:LL_GPIO_ResetOutputPin	1
../Drivers/STM32C0xx_HAL_Driver/Inc/stm32c0xx_ll_gpio.h:945:22:LL_GPIO_TogglePin	1
../Drivers/STM32C0xx_HAL_Driver/Inc/stm32c0xx_ll_exti.h:1283:22:LL_EXTI_SetEXTISource	1
../Drivers/STM32C0xx_HAL_Driver/Inc/stm32c0xx_ll_bus.h:843:22:LL_IOP_GRP1_EnableClock	1
../Core/Src/main.c:72:6:Delay_uS	2
../Core/Src/main.c:79:6:setLcdDataPort	5
../Core/Src/main.c:88:5:lcdCheckBusy	3
../Core/Src/main.c:115:13:lcdSendNibble	1
../Core/Src/main.c:126:13:lcdSendByte	2
../Core/Src/main.c:142:6:lcdSendCmd	1
../Core/Src/main.c:148:6:lcdSendChar	1
../Core/Src/main.c:154:6:lcdInit	1
../Core/Src/main.c:189:6:lcdTextWrite	5
../Core/Src/main.c:215:5:main	1
../Core/Src/main.c:277:6:SystemClock_Config	3
../Core/Src/main.c:314:13:MX_GPIO_Init	1
../Core/Src/main.c:464:6:UserButtonIntCallBack	1
../Core/Src/main.c:475:6:Error_Handler	1
