../Drivers/STM32C0xx_HAL_Driver/Inc/stm32c0xx_ll_gpio.h:282:22:LL_GPIO_SetPinMode	24	static
../Drivers/STM32C0xx_HAL_Driver/Inc/stm32c0xx_ll_gpio.h:806:26:LL_GPIO_IsInputPinSet	16	static
../Drivers/STM32C0xx_HAL_Driver/Inc/stm32c0xx_ll_gpio.h:887:22:LL_GPIO_SetOutputPin	16	static
../Drivers/STM32C0xx_HAL_Driver/Inc/stm32c0xx_ll_gpio.h:916:22:LL_GPIO_ResetOutputPin	16	static
../Drivers/STM32C0xx_HAL_Driver/Inc/stm32c0xx_ll_bus.h:843:22:LL_IOP_GRP1_EnableClock	24	static
../Core/Src/main.c:72:6:Delay_uS	24	static
../Core/Src/main.c:79:6:setLcdDataPort	16	static
../Core/Src/main.c:88:5:lcdCheckBusy	16	static
../Core/Src/main.c:115:13:lcdSendNibble	16	static
../Core/Src/main.c:126:13:lcdSendByte	16	static
../Core/Src/main.c:142:6:lcdCommand	16	static
../Core/Src/main.c:143:6:lcdData	16	static
../Core/Src/main.c:146:6:lcdInit	8	static
../Core/Src/main.c:179:6:lcdSetCursor	24	static
../Core/Src/main.c:186:6:lcdPrint	16	static
../Core/Src/main.c:198:5:main	8	static
../Core/Src/main.c:244:6:SystemClock_Config	64	static
../Core/Src/main.c:276:13:MX_GPIO_Init	32	static
../Core/Src/main.c:342:6:Error_Handler	8	static,ignoring_inline_asm
